00:00 +0: loading C:/Users/aianu/Music/APP/Lonalyness App/test/chat_simulation_test.dart
flutter : test/chat_simulation_test.dart:28:9: Error: No named 
parameter with the name 'description'.
At line:1 char:1
+ flutter test test/chat_simulation_test.dart > test_output.txt 
2>&1
+ ~~~~~~~~~~~~~~~~~~~~~~~~~~~~~~~~~~~~~~~~~~~~~~~~~~~~~~~~~~~~~~~
~~~
    + CategoryInfo          : NotSpecified: (test/chat_simu    
l... 'description'.:String) [], RemoteException
    + FullyQualifiedErrorId : NativeCommandError
 
        description: 'Test Persona',
        ^^^^^^^^^^^
lib/domain/entities/persona_entity.dart:23:9: Context: Found 
this candidate, but the arguments don't match.
  const PersonaEntity({
        ^^^^^^^^^^^^^
00:00 +0 -1: loading C:/Users/aianu/Music/APP/Lonalyness App/test/chat_simulation_test.dart [E]
  Failed to load "C:/Users/aianu/Music/APP/Lonalyness App/test/chat_simulation_test.dart":
  Compilation failed for testPath=C:/Users/aianu/Music/APP/Lonalyness App/test/chat_simulation_test.dart: test/chat_simulation_test.dart:28:9: Error: No named parameter with the name 'description'.
          description: 'Test Persona',
          ^^^^^^^^^^^
  lib/domain/entities/persona_entity.dart:23:9: Context: Found this candidate, but the arguments don't match.
    const PersonaEntity({
          ^^^^^^^^^^^^^
  .
00:00 +0 -1: Some tests failed.
